// Jest Snapshot v1, https://goo.gl/fbAQLP

exports[`Query modules #createFetchRevision creates a query builder based on model 1`] = `"SELECT r.id, r.name, r.length, r.rate FROM \\"video_revision\\" r JOIN \\"video\\" p ON p.id = r.id AND p.revision = r.revision WHERE p.id = $1"`;

exports[`Query modules #createPromoteRevision creates a query builder based on model 1`] = `"INSERT INTO \\"video\\" (id, revision) SELECT id, MAX(revision) FROM \\"video_revision\\" WHERE id = $1 GROUP BY id ON CONFLICT (id) DO UPDATE SET revision = excluded.revision"`;

exports[`Query modules #createRevokeRevision creates a query builder based on model 1`] = `"DELETE FROM \\"video\\" WHERE id = $1"`;

exports[`Query modules #createStoreRevision creates a query builder based on model 1`] = `"INSERT INTO \\"video_revision\\" (revision, id, name, length, rate) VALUES ($1, $2, $3, $4, $5)"`;
